// Jest Snapshot v1, https://goo.gl/fbAQLP

exports[`Testing Footer Component testing footer 1`] = `Promise {}`;
