// Jest Snapshot v1, https://goo.gl/fbAQLP

exports[`Testing Home Component testing home 1`] = `Promise {}`;
