// Jest Snapshot v1, https://goo.gl/fbAQLP

exports[`Testing Quote Component testing quote 1`] = `Promise {}`;
